0 verbose cli /usr/local/bin/node /usr/local/bin/npm
1 info using npm@11.9.0
2 info using node@v24.14.0
3 silly config load:file:/usr/local/lib/node_modules/npm/npmrc
4 silly config load:file:/Volumes/SanDisk/trae的项目/gamestation/.npmrc
5 silly config load:file:/Users/yeniceeyim/.npmrc
6 silly config load:file:/usr/local/etc/npmrc
7 verbose title npm install cheerio axios turndown
8 verbose argv "install" "--cache" ".npm-cache" "cheerio" "axios" "turndown"
9 verbose logfile logs-max:10 dir:/Volumes/SanDisk/trae的项目/gamestation/.npm-cache/_logs/2026-04-12T08_21_58_084Z-
10 verbose logfile /Volumes/SanDisk/trae的项目/gamestation/.npm-cache/_logs/2026-04-12T08_21_58_084Z-debug-0.log
11 silly logfile done cleaning log files
12 silly packumentCache heap:4496293888 maxSize:1124073472 maxEntrySize:562036736
13 verbose shrinkwrap failed to load node_modules/.package-lock.json out of date, updated: node_modules
14 silly idealTree buildDeps
15 silly fetch manifest cheerio@*
16 silly packumentCache full:https://registry.npmjs.org/cheerio cache-miss
17 http fetch GET 200 https://registry.npmjs.org/cheerio 412882ms (cache miss)
18 silly packumentCache full:https://registry.npmjs.org/cheerio set size:undefined disposed:false
19 silly fetch manifest axios@*
20 silly packumentCache full:https://registry.npmjs.org/axios cache-miss
21 http fetch GET 200 https://registry.npmjs.org/axios 2749474ms (cache miss)
22 silly packumentCache full:https://registry.npmjs.org/axios set size:undefined disposed:false
23 silly fetch manifest turndown@*
24 silly packumentCache full:https://registry.npmjs.org/turndown cache-miss
25 http fetch GET 200 https://registry.npmjs.org/turndown 227286ms (cache miss)
26 silly packumentCache full:https://registry.npmjs.org/turndown set size:undefined disposed:false
27 silly placeDep ROOT axios@1.15.0 OK for: ps5-gallery@0.0.4 want: *
28 silly placeDep ROOT cheerio@1.2.0 OK for: ps5-gallery@0.0.4 want: *
29 silly placeDep ROOT turndown@7.2.4 OK for: ps5-gallery@0.0.4 want: *
30 silly fetch manifest follow-redirects@^1.15.11
31 silly packumentCache full:https://registry.npmjs.org/follow-redirects cache-miss
32 silly fetch manifest form-data@^4.0.5
33 silly packumentCache full:https://registry.npmjs.org/form-data cache-miss
34 silly fetch manifest proxy-from-env@^2.1.0
35 silly packumentCache full:https://registry.npmjs.org/proxy-from-env cache-miss
36 silly fetch manifest parse5@^7.3.0
37 silly packumentCache full:https://registry.npmjs.org/parse5 cache-miss
38 silly fetch manifest undici@^7.19.0
39 silly packumentCache full:https://registry.npmjs.org/undici cache-miss
40 silly fetch manifest domutils@^3.2.2
41 silly packumentCache full:https://registry.npmjs.org/domutils cache-miss
42 silly fetch manifest domhandler@^5.0.3
43 silly packumentCache full:https://registry.npmjs.org/domhandler cache-miss
44 silly fetch manifest htmlparser2@^10.1.0
45 silly packumentCache full:https://registry.npmjs.org/htmlparser2 cache-miss
46 silly fetch manifest cheerio-select@^2.1.0
47 silly packumentCache full:https://registry.npmjs.org/cheerio-select cache-miss
48 http fetch GET 200 https://registry.npmjs.org/cheerio-select 447019ms (cache miss)
49 silly packumentCache full:https://registry.npmjs.org/cheerio-select set size:undefined disposed:false
50 silly fetch manifest dom-serializer@^2.0.0
51 silly packumentCache full:https://registry.npmjs.org/dom-serializer cache-miss
52 http fetch GET 200 https://registry.npmjs.org/proxy-from-env 454474ms (cache miss)
53 silly packumentCache full:https://registry.npmjs.org/proxy-from-env set size:undefined disposed:false
54 silly fetch manifest whatwg-mimetype@^4.0.0
55 silly packumentCache full:https://registry.npmjs.org/whatwg-mimetype cache-miss
56 http fetch GET 200 https://registry.npmjs.org/domhandler 460522ms (cache miss)
57 silly packumentCache full:https://registry.npmjs.org/domhandler set size:undefined disposed:false
58 silly fetch manifest encoding-sniffer@^0.2.1
59 silly packumentCache full:https://registry.npmjs.org/encoding-sniffer cache-miss
60 http fetch GET 200 https://registry.npmjs.org/parse5 466548ms (cache miss)
61 silly packumentCache full:https://registry.npmjs.org/parse5 set size:undefined disposed:false
62 silly fetch manifest parse5-parser-stream@^7.1.2
63 silly packumentCache full:https://registry.npmjs.org/parse5-parser-stream cache-miss
64 http fetch GET 200 https://registry.npmjs.org/domutils 468099ms (cache miss)
65 silly packumentCache full:https://registry.npmjs.org/domutils set size:undefined disposed:false
66 silly fetch manifest parse5-htmlparser2-tree-adapter@^7.1.0
67 silly packumentCache full:https://registry.npmjs.org/parse5-htmlparser2-tree-adapter cache-miss
68 http fetch GET 200 https://registry.npmjs.org/follow-redirects 622453ms (cache miss)
69 silly packumentCache full:https://registry.npmjs.org/follow-redirects set size:undefined disposed:false
70 silly fetch manifest @mixmark-io/domino@^2.2.0
71 silly packumentCache full:https://registry.npmjs.org/@mixmark-io%2fdomino cache-miss
72 http fetch GET 200 https://registry.npmjs.org/form-data 622497ms (cache miss)
73 silly packumentCache full:https://registry.npmjs.org/form-data set size:undefined disposed:false
74 http fetch GET 200 https://registry.npmjs.org/htmlparser2 641912ms (cache miss)
75 silly packumentCache full:https://registry.npmjs.org/htmlparser2 set size:undefined disposed:false
76 http fetch GET 200 https://registry.npmjs.org/whatwg-mimetype 367360ms (cache miss)
77 silly packumentCache full:https://registry.npmjs.org/whatwg-mimetype set size:undefined disposed:false
78 http fetch GET 200 https://registry.npmjs.org/encoding-sniffer 361329ms (cache miss)
79 silly packumentCache full:https://registry.npmjs.org/encoding-sniffer set size:undefined disposed:false
80 http fetch GET 200 https://registry.npmjs.org/parse5-htmlparser2-tree-adapter 362812ms (cache miss)
81 silly packumentCache full:https://registry.npmjs.org/parse5-htmlparser2-tree-adapter set size:undefined disposed:false
82 http fetch GET 200 https://registry.npmjs.org/parse5-parser-stream 364363ms (cache miss)
83 silly packumentCache full:https://registry.npmjs.org/parse5-parser-stream set size:undefined disposed:false
84 http fetch GET 200 https://registry.npmjs.org/dom-serializer 442109ms (cache miss)
85 silly packumentCache full:https://registry.npmjs.org/dom-serializer set size:undefined disposed:false
86 http fetch GET 200 https://registry.npmjs.org/@mixmark-io%2fdomino 284645ms (cache miss)
87 silly packumentCache full:https://registry.npmjs.org/@mixmark-io%2fdomino set size:undefined disposed:false
88 http fetch GET 200 https://registry.npmjs.org/undici 1103747ms (cache miss)
89 silly packumentCache full:https://registry.npmjs.org/undici set size:undefined disposed:false
90 silly placeDep ROOT follow-redirects@1.15.11 OK for: axios@1.15.0 want: ^1.15.11
91 silly placeDep ROOT form-data@4.0.5 OK for: axios@1.15.0 want: ^4.0.5
92 silly placeDep ROOT proxy-from-env@2.1.0 OK for: axios@1.15.0 want: ^2.1.0
93 silly fetch manifest asynckit@^0.4.0
94 silly packumentCache full:https://registry.npmjs.org/asynckit cache-miss
95 silly fetch manifest combined-stream@^1.0.8
96 silly packumentCache full:https://registry.npmjs.org/combined-stream cache-miss
97 silly fetch manifest mime-types@^2.1.12
98 silly packumentCache full:https://registry.npmjs.org/mime-types cache-miss
99 http fetch GET 200 https://registry.npmjs.org/combined-stream 379296ms (cache miss)
100 silly packumentCache full:https://registry.npmjs.org/combined-stream set size:undefined disposed:false
101 http fetch GET 200 https://registry.npmjs.org/mime-types 489742ms (cache miss)
102 silly packumentCache full:https://registry.npmjs.org/mime-types set size:undefined disposed:false
103 http fetch GET 200 https://registry.npmjs.org/asynckit 501663ms (cache miss)
104 silly packumentCache full:https://registry.npmjs.org/asynckit set size:undefined disposed:false
105 silly placeDep ROOT cheerio-select@2.1.0 OK for: cheerio@1.2.0 want: ^2.1.0
106 silly placeDep ROOT dom-serializer@2.0.0 OK for: cheerio@1.2.0 want: ^2.0.0
107 silly placeDep ROOT domhandler@5.0.3 OK for: cheerio@1.2.0 want: ^5.0.3
108 silly placeDep ROOT domutils@3.2.2 OK for: cheerio@1.2.0 want: ^3.2.2
109 silly placeDep ROOT encoding-sniffer@0.2.1 OK for: cheerio@1.2.0 want: ^0.2.1
110 silly placeDep ROOT htmlparser2@10.1.0 OK for: cheerio@1.2.0 want: ^10.1.0
111 silly placeDep ROOT parse5@7.3.0 OK for: cheerio@1.2.0 want: ^7.3.0
112 silly placeDep ROOT parse5-htmlparser2-tree-adapter@7.1.0 OK for: cheerio@1.2.0 want: ^7.1.0
113 silly placeDep ROOT parse5-parser-stream@7.1.2 OK for: cheerio@1.2.0 want: ^7.1.2
114 silly placeDep ROOT undici@7.24.7 OK for: cheerio@1.2.0 want: ^7.19.0
115 silly placeDep ROOT whatwg-mimetype@4.0.0 OK for: cheerio@1.2.0 want: ^4.0.0
116 silly fetch manifest boolbase@^1.0.0
117 silly packumentCache full:https://registry.npmjs.org/boolbase cache-miss
118 silly fetch manifest css-what@^6.1.0
119 silly packumentCache full:https://registry.npmjs.org/css-what cache-miss
120 silly fetch manifest domutils@^3.0.1
121 silly packumentCache full:https://registry.npmjs.org/domutils cache-miss
122 silly fetch manifest css-select@^5.1.0
123 silly packumentCache full:https://registry.npmjs.org/css-select cache-miss
124 silly fetch manifest domelementtype@^2.3.0
125 silly packumentCache full:https://registry.npmjs.org/domelementtype cache-miss
126 silly fetch manifest entities@^4.2.0
127 silly packumentCache full:https://registry.npmjs.org/entities cache-miss
128 silly fetch manifest domhandler@^5.0.2
129 silly packumentCache full:https://registry.npmjs.org/domhandler cache-miss
130 silly fetch manifest domelementtype@^2.3.0
131 silly packumentCache full:https://registry.npmjs.org/domelementtype cache-miss
132 silly fetch manifest domelementtype@^2.3.0
133 silly packumentCache full:https://registry.npmjs.org/domelementtype cache-miss
134 http fetch GET 200 https://registry.npmjs.org/domutils 323285ms (cache revalidated)
135 silly packumentCache full:https://registry.npmjs.org/domutils set size:110068 disposed:false
136 silly fetch manifest domelementtype@^2.3.0
137 silly packumentCache full:https://registry.npmjs.org/domelementtype cache-miss
138 http fetch GET 200 https://registry.npmjs.org/domhandler 1320635ms (cache revalidated)
139 silly packumentCache full:https://registry.npmjs.org/domhandler set size:78187 disposed:false
140 silly fetch manifest iconv-lite@^0.6.3
141 silly packumentCache full:https://registry.npmjs.org/iconv-lite cache-miss
142 http fetch GET 200 https://registry.npmjs.org/boolbase 1330125ms (cache miss)
143 silly packumentCache full:https://registry.npmjs.org/boolbase set size:undefined disposed:false
144 silly fetch manifest whatwg-encoding@^3.1.1
145 silly packumentCache full:https://registry.npmjs.org/whatwg-encoding cache-miss
146 http fetch GET 200 https://registry.npmjs.org/domelementtype 1348247ms (cache miss)
147 silly packumentCache full:https://registry.npmjs.org/domelementtype set size:undefined disposed:false
148 silly fetch manifest entities@^7.0.1
149 silly packumentCache full:https://registry.npmjs.org/entities cache-miss
150 http fetch GET 200 https://registry.npmjs.org/domelementtype 1348267ms (cache miss)
151 silly packumentCache full:https://registry.npmjs.org/domelementtype set size:undefined disposed:false
152 silly fetch manifest entities@^6.0.0
153 silly packumentCache full:https://registry.npmjs.org/entities cache-miss
154 http fetch GET 200 https://registry.npmjs.org/domelementtype 1348269ms (cache miss)
155 silly packumentCache full:https://registry.npmjs.org/domelementtype set size:undefined disposed:false
156 http fetch GET 200 https://registry.npmjs.org/css-what 1552477ms (cache miss)
157 silly packumentCache full:https://registry.npmjs.org/css-what set size:undefined disposed:false
158 http fetch GET 200 https://registry.npmjs.org/css-select 1633633ms (cache miss)
159 silly packumentCache full:https://registry.npmjs.org/css-select set size:undefined disposed:false
160 http fetch GET 200 https://registry.npmjs.org/entities 1717527ms (cache miss)
161 silly packumentCache full:https://registry.npmjs.org/entities set size:undefined disposed:false
162 http fetch GET 200 https://registry.npmjs.org/domelementtype 1411957ms (cache miss)
163 silly packumentCache full:https://registry.npmjs.org/domelementtype set size:undefined disposed:false
164 http fetch GET 200 https://registry.npmjs.org/entities 448314ms (cache miss)
165 silly packumentCache full:https://registry.npmjs.org/entities set size:undefined disposed:false
166 http fetch GET 200 https://registry.npmjs.org/entities 457284ms (cache miss)
167 silly packumentCache full:https://registry.npmjs.org/entities set size:undefined disposed:false
168 http fetch GET 200 https://registry.npmjs.org/whatwg-encoding 605290ms (cache miss)
169 silly packumentCache full:https://registry.npmjs.org/whatwg-encoding set size:undefined disposed:false
170 http fetch GET 200 https://registry.npmjs.org/iconv-lite 629905ms (cache miss)
171 silly packumentCache full:https://registry.npmjs.org/iconv-lite set size:undefined disposed:false
172 silly placeDep ROOT boolbase@1.0.0 OK for: cheerio-select@2.1.0 want: ^1.0.0
173 silly placeDep ROOT css-select@5.2.2 OK for: cheerio-select@2.1.0 want: ^5.1.0
174 silly placeDep ROOT css-what@6.2.2 OK for: cheerio-select@2.1.0 want: ^6.1.0
175 silly placeDep ROOT domelementtype@2.3.0 OK for: cheerio-select@2.1.0 want: ^2.3.0
176 silly fetch manifest nth-check@^2.0.1
177 silly packumentCache full:https://registry.npmjs.org/nth-check cache-miss
178 http fetch GET 200 https://registry.npmjs.org/nth-check 308991ms (cache miss)
179 silly packumentCache full:https://registry.npmjs.org/nth-check set size:undefined disposed:false
180 silly placeDep ROOT nth-check@2.1.1 OK for: css-select@5.2.2 want: ^2.0.1
181 silly placeDep ROOT entities@4.5.0 OK for: dom-serializer@2.0.0 want: ^4.2.0
182 silly placeDep ROOT iconv-lite@0.6.3 OK for: encoding-sniffer@0.2.1 want: ^0.6.3
183 silly placeDep ROOT whatwg-encoding@3.1.1 OK for: encoding-sniffer@0.2.1 want: ^3.1.1
184 silly fetch manifest safer-buffer@>= 2.1.2 < 3.0.0
185 silly packumentCache full:https://registry.npmjs.org/safer-buffer cache-miss
186 http fetch GET 200 https://registry.npmjs.org/safer-buffer 386647ms (cache miss)
187 silly packumentCache full:https://registry.npmjs.org/safer-buffer set size:undefined disposed:false
188 silly placeDep ROOT asynckit@0.4.0 OK for: form-data@4.0.5 want: ^0.4.0
189 silly placeDep ROOT combined-stream@1.0.8 OK for: form-data@4.0.5 want: ^1.0.8
190 silly placeDep ROOT mime-types@2.1.35 OK for: form-data@4.0.5 want: ^2.1.12
191 silly fetch manifest delayed-stream@~1.0.0
192 silly packumentCache full:https://registry.npmjs.org/delayed-stream cache-miss
193 silly fetch manifest mime-db@1.52.0
194 silly packumentCache full:https://registry.npmjs.org/mime-db cache-miss
195 http fetch GET 200 https://registry.npmjs.org/mime-db 414334ms (cache miss)
196 silly packumentCache full:https://registry.npmjs.org/mime-db set size:undefined disposed:false
197 http fetch GET 200 https://registry.npmjs.org/delayed-stream 449429ms (cache miss)
198 silly packumentCache full:https://registry.npmjs.org/delayed-stream set size:undefined disposed:false
199 silly placeDep ROOT delayed-stream@1.0.0 OK for: combined-stream@1.0.8 want: ~1.0.0
200 silly placeDep node_modules/htmlparser2 entities@7.0.1 OK for: htmlparser2@10.1.0 want: ^7.0.1
201 silly placeDep ROOT safer-buffer@2.1.2 OK for: iconv-lite@0.6.3 want: >= 2.1.2 < 3.0.0
202 silly placeDep ROOT mime-db@1.52.0 OK for: mime-types@2.1.35 want: 1.52.0
203 silly placeDep node_modules/parse5 entities@6.0.1 OK for: parse5@7.3.0 want: ^6.0.0
204 silly placeDep ROOT @mixmark-io/domino@2.2.0 OK for: turndown@7.2.4 want: ^2.2.0
205 silly reify mark retired [ '/Volumes/SanDisk/trae的项目/gamestation/node_modules/form-data' ]
206 silly reify mark retired [ '/Volumes/SanDisk/trae的项目/gamestation/node_modules/iconv-lite' ]
207 silly reify mark retired [ '/Volumes/SanDisk/trae的项目/gamestation/node_modules/nth-check' ]
208 silly reify mark retired [
208 silly reify   '/Volumes/SanDisk/trae的项目/gamestation/node_modules/parse5-htmlparser2-tree-adapter'
208 silly reify ]
209 silly reify mark retired [
209 silly reify   '/Volumes/SanDisk/trae的项目/gamestation/node_modules/parse5-parser-stream'
209 silly reify ]
210 silly reify mark retired [ '/Volumes/SanDisk/trae的项目/gamestation/node_modules/axios' ]
211 silly reify mark retired [ '/Volumes/SanDisk/trae的项目/gamestation/node_modules/cheerio-select' ]
212 silly reify mark retired [ '/Volumes/SanDisk/trae的项目/gamestation/node_modules/cheerio' ]
213 silly reify mark retired [ '/Volumes/SanDisk/trae的项目/gamestation/node_modules/css-select' ]
214 silly reify mark retired [ '/Volumes/SanDisk/trae的项目/gamestation/node_modules/css-what' ]
215 silly reify mark retired [ '/Volumes/SanDisk/trae的项目/gamestation/node_modules/dom-serializer' ]
216 silly reify mark retired [ '/Volumes/SanDisk/trae的项目/gamestation/node_modules/domelementtype' ]
217 silly reify mark retired [ '/Volumes/SanDisk/trae的项目/gamestation/node_modules/domutils' ]
218 silly reify mark retired [ '/Volumes/SanDisk/trae的项目/gamestation/node_modules/domhandler' ]
219 silly reify mark retired [
219 silly reify   '/Volumes/SanDisk/trae的项目/gamestation/node_modules/encoding-sniffer'
219 silly reify ]
220 silly reify mark retired [ '/Volumes/SanDisk/trae的项目/gamestation/node_modules/entities' ]
221 silly reify mark retired [ '/Volumes/SanDisk/trae的项目/gamestation/node_modules/htmlparser2' ]
222 silly reify mark retired [ '/Volumes/SanDisk/trae的项目/gamestation/node_modules/parse5' ]
223 silly reify mark retired [ '/Volumes/SanDisk/trae的项目/gamestation/node_modules/undici' ]
224 silly reify mark retired [
224 silly reify   '/Volumes/SanDisk/trae的项目/gamestation/node_modules/@mixmark-io/domino'
224 silly reify ]
225 silly reify moves {
225 silly reify   '/Volumes/SanDisk/trae的项目/gamestation/node_modules/form-data': '/Volumes/SanDisk/trae的项目/gamestation/node_modules/.form-data-tRrfgW50',
225 silly reify   '/Volumes/SanDisk/trae的项目/gamestation/node_modules/iconv-lite': '/Volumes/SanDisk/trae的项目/gamestation/node_modules/.iconv-lite-Srx2RZa2',
225 silly reify   '/Volumes/SanDisk/trae的项目/gamestation/node_modules/nth-check': '/Volumes/SanDisk/trae的项目/gamestation/node_modules/.nth-check-uNXor7sj',
225 silly reify   '/Volumes/SanDisk/trae的项目/gamestation/node_modules/parse5-htmlparser2-tree-adapter': '/Volumes/SanDisk/trae的项目/gamestation/node_modules/.parse5-htmlparser2-tree-adapter-Rnsax0gV',
225 silly reify   '/Volumes/SanDisk/trae的项目/gamestation/node_modules/parse5-parser-stream': '/Volumes/SanDisk/trae的项目/gamestation/node_modules/.parse5-parser-stream-qIS6Fxcd',
225 silly reify   '/Volumes/SanDisk/trae的项目/gamestation/node_modules/axios': '/Volumes/SanDisk/trae的项目/gamestation/node_modules/.axios-jLV2dlbX',
225 silly reify   '/Volumes/SanDisk/trae的项目/gamestation/node_modules/cheerio-select': '/Volumes/SanDisk/trae的项目/gamestation/node_modules/.cheerio-select-5iLIzzKJ',
225 silly reify   '/Volumes/SanDisk/trae的项目/gamestation/node_modules/cheerio': '/Volumes/SanDisk/trae的项目/gamestation/node_modules/.cheerio-W20HgTmr',
225 silly reify   '/Volumes/SanDisk/trae的项目/gamestation/node_modules/css-select': '/Volumes/SanDisk/trae的项目/gamestation/node_modules/.css-select-qaN1NPPW',
225 silly reify   '/Volumes/SanDisk/trae的项目/gamestation/node_modules/css-what': '/Volumes/SanDisk/trae的项目/gamestation/node_modules/.css-what-ljpccjQP',
225 silly reify   '/Volumes/SanDisk/trae的项目/gamestation/node_modules/dom-serializer': '/Volumes/SanDisk/trae的项目/gamestation/node_modules/.dom-serializer-UGgYC00M',
225 silly reify   '/Volumes/SanDisk/trae的项目/gamestation/node_modules/domelementtype': '/Volumes/SanDisk/trae的项目/gamestation/node_modules/.domelementtype-dIyFftn7',
225 silly reify   '/Volumes/SanDisk/trae的项目/gamestation/node_modules/domutils': '/Volumes/SanDisk/trae的项目/gamestation/node_modules/.domutils-ZykoiVF9',
225 silly reify   '/Volumes/SanDisk/trae的项目/gamestation/node_modules/domhandler': '/Volumes/SanDisk/trae的项目/gamestation/node_modules/.domhandler-VpOS0pYB',
225 silly reify   '/Volumes/SanDisk/trae的项目/gamestation/node_modules/encoding-sniffer': '/Volumes/SanDisk/trae的项目/gamestation/node_modules/.encoding-sniffer-732QjLEU',
225 silly reify   '/Volumes/SanDisk/trae的项目/gamestation/node_modules/entities': '/Volumes/SanDisk/trae的项目/gamestation/node_modules/.entities-ZblfYx4k',
225 silly reify   '/Volumes/SanDisk/trae的项目/gamestation/node_modules/htmlparser2': '/Volumes/SanDisk/trae的项目/gamestation/node_modules/.htmlparser2-gCRWWpTV',
225 silly reify   '/Volumes/SanDisk/trae的项目/gamestation/node_modules/parse5': '/Volumes/SanDisk/trae的项目/gamestation/node_modules/.parse5-z79GWMii',
225 silly reify   '/Volumes/SanDisk/trae的项目/gamestation/node_modules/undici': '/Volumes/SanDisk/trae的项目/gamestation/node_modules/.undici-bpyOMujv',
225 silly reify   '/Volumes/SanDisk/trae的项目/gamestation/node_modules/@mixmark-io/domino': '/Volumes/SanDisk/trae的项目/gamestation/node_modules/@mixmark-io/.domino-fjQ33phR'
225 silly reify }
226 silly audit bulk request {
226 silly audit   '@alloc/quick-lru': [ '5.2.0' ],
226 silly audit   '@babel/code-frame': [ '7.29.0' ],
226 silly audit   '@babel/compat-data': [ '7.29.0' ],
226 silly audit   '@babel/core': [ '7.29.0' ],
226 silly audit   '@babel/generator': [ '7.29.1' ],
226 silly audit   '@babel/helper-annotate-as-pure': [ '7.27.3' ],
226 silly audit   '@babel/helper-compilation-targets': [ '7.28.6' ],
226 silly audit   '@babel/helper-create-class-features-plugin': [ '7.28.6' ],
226 silly audit   '@babel/helper-create-regexp-features-plugin': [ '7.28.5' ],
226 silly audit   '@babel/helper-define-polyfill-provider': [ '0.6.8' ],
226 silly audit   resolve: [ '1.22.11', '2.0.0-next.6' ],
226 silly audit   '@babel/helper-globals': [ '7.28.0' ],
226 silly audit   '@babel/helper-member-expression-to-functions': [ '7.28.5' ],
226 silly audit   '@babel/helper-module-imports': [ '7.28.6' ],
226 silly audit   '@babel/helper-module-transforms': [ '7.28.6' ],
226 silly audit   '@babel/helper-optimise-call-expression': [ '7.27.1' ],
226 silly audit   '@babel/helper-plugin-utils': [ '7.28.6' ],
226 silly audit   '@babel/helper-remap-async-to-generator': [ '7.27.1' ],
226 silly audit   '@babel/helper-replace-supers': [ '7.28.6' ],
226 silly audit   '@babel/helper-skip-transparent-expression-wrappers': [ '7.27.1' ],
226 silly audit   '@babel/helper-string-parser': [ '7.27.1' ],
226 silly audit   '@babel/helper-validator-identifier': [ '7.28.5' ],
226 silly audit   '@babel/helper-validator-option': [ '7.27.1' ],
226 silly audit   '@babel/helper-wrap-function': [ '7.28.6' ],
226 silly audit   '@babel/helpers': [ '7.28.6' ],
226 silly audit   '@babel/parser': [ '7.29.0' ],
226 silly audit   '@babel/plugin-bugfix-firefox-class-in-computed-class-key': [ '7.28.5' ],
226 silly audit   '@babel/plugin-bugfix-safari-class-field-initializer-scope': [ '7.27.1' ],
226 silly audit   '@babel/plugin-bugfix-safari-id-destructuring-collision-in-function-expression': [ '7.27.1' ],
226 silly audit   '@babel/plugin-bugfix-v8-spread-parameters-in-optional-chaining': [ '7.27.1' ],
226 silly audit   '@babel/plugin-bugfix-v8-static-class-fields-redefine-readonly': [ '7.28.6' ],
226 silly audit   '@babel/plugin-proposal-private-property-in-object': [ '7.21.0-placeholder-for-preset-env.2' ],
226 silly audit   '@babel/plugin-syntax-import-assertions': [ '7.28.6' ],
226 silly audit   '@babel/plugin-syntax-import-attributes': [ '7.28.6' ],
226 silly audit   '@babel/plugin-syntax-unicode-sets-regex': [ '7.18.6' ],
226 silly audit   '@babel/plugin-transform-arrow-functions': [ '7.27.1' ],
226 silly audit   '@babel/plugin-transform-async-generator-functions': [ '7.29.0' ],
226 silly audit   '@babel/plugin-transform-async-to-generator': [ '7.28.6' ],
226 silly audit   '@babel/plugin-transform-block-scoped-functions': [ '7.27.1' ],
226 silly audit   '@babel/plugin-transform-block-scoping': [ '7.28.6' ],
226 silly audit   '@babel/plugin-transform-class-properties': [ '7.28.6' ],
226 silly audit   '@babel/plugin-transform-class-static-block': [ '7.28.6' ],
226 silly audit   '@babel/plugin-transform-classes': [ '7.28.6' ],
226 silly audit   '@babel/plugin-transform-computed-properties': [ '7.28.6' ],
226 silly audit   '@babel/plugin-transform-destructuring': [ '7.28.5' ],
226 silly audit   '@babel/plugin-transform-dotall-regex': [ '7.28.6' ],
226 silly audit   '@babel/plugin-transform-duplicate-keys': [ '7.27.1' ],
226 silly audit   '@babel/plugin-transform-duplicate-named-capturing-groups-regex': [ '7.29.0' ],
226 silly audit   '@babel/plugin-transform-dynamic-import': [ '7.27.1' ],
226 silly audit   '@babel/plugin-transform-explicit-resource-management': [ '7.28.6' ],
226 silly audit   '@babel/plugin-transform-exponentiation-operator': [ '7.28.6' ],
226 silly audit   '@babel/plugin-transform-export-namespace-from': [ '7.27.1' ],
226 silly audit   '@babel/plugin-transform-for-of': [ '7.27.1' ],
226 silly audit   '@babel/plugin-transform-function-name': [ '7.27.1' ],
226 silly audit   '@babel/plugin-transform-json-strings': [ '7.28.6' ],
226 silly audit   '@babel/plugin-transform-literals': [ '7.27.1' ],
226 silly audit   '@babel/plugin-transform-logical-assignment-operators': [ '7.28.6' ],
226 silly audit   '@babel/plugin-transform-member-expression-literals': [ '7.27.1' ],
226 silly audit   '@babel/plugin-transform-modules-amd': [ '7.27.1' ],
226 silly audit   '@babel/plugin-transform-modules-commonjs': [ '7.28.6' ],
226 silly audit   '@babel/plugin-transform-modules-systemjs': [ '7.29.0' ],
226 silly audit   '@babel/plugin-transform-modules-umd': [ '7.27.1' ],
226 silly audit   '@babel/plugin-transform-named-capturing-groups-regex': [ '7.29.0' ],
226 silly audit   '@babel/plugin-transform-new-target': [ '7.27.1' ],
226 silly audit   '@babel/plugin-transform-nullish-coalescing-operator': [ '7.28.6' ],
226 silly audit   '@babel/plugin-transform-numeric-separator': [ '7.28.6' ],
226 silly audit   '@babel/plugin-transform-object-rest-spread': [ '7.28.6' ],
226 silly audit   '@babel/plugin-transform-object-super': [ '7.27.1' ],
226 silly audit   '@babel/plugin-transform-optional-catch-binding': [ '7.28.6' ],
226 silly audit   '@babel/plugin-transform-optional-chaining': [ '7.28.6' ],
226 silly audit   '@babel/plugin-transform-parameters': [ '7.27.7' ],
226 silly audit   '@babel/plugin-transform-private-methods': [ '7.28.6' ],
226 silly audit   '@babel/plugin-transform-private-property-in-object': [ '7.28.6' ],
226 silly audit   '@babel/plugin-transform-property-literals': [ '7.27.1' ],
226 silly audit   '@babel/plugin-transform-react-jsx-self': [ '7.27.1' ],
226 silly audit   '@babel/plugin-transform-react-jsx-source': [ '7.27.1' ],
226 silly audit   '@babel/plugin-transform-regenerator': [ '7.29.0' ],
226 silly audit   '@babel/plugin-transform-regexp-modifiers': [ '7.28.6' ],
226 silly audit   '@babel/plugin-transform-reserved-words': [ '7.27.1' ],
226 silly audit   '@babel/plugin-transform-shorthand-properties': [ '7.27.1' ],
226 silly audit   '@babel/plugin-transform-spread': [ '7.28.6' ],
226 silly audit   '@babel/plugin-transform-sticky-regex': [ '7.27.1' ],
226 silly audit   '@babel/plugin-transform-template-literals': [ '7.27.1' ],
226 silly audit   '@babel/plugin-transform-typeof-symbol': [ '7.27.1' ],
226 silly audit   '@babel/plugin-transform-unicode-escapes': [ '7.27.1' ],
226 silly audit   '@babel/plugin-transform-unicode-property-regex': [ '7.28.6' ],
226 silly audit   '@babel/plugin-transform-unicode-regex': [ '7.27.1' ],
226 silly audit   '@babel/plugin-transform-unicode-sets-regex': [ '7.28.6' ],
226 silly audit   '@babel/preset-env': [ '7.29.2' ],
226 silly audit   '@babel/preset-modules': [ '0.1.6-no-external-plugins' ],
226 silly audit   '@babel/template': [ '7.28.6' ],
226 silly audit   '@babel/traverse': [ '7.29.0' ],
226 silly audit   '@babel/types': [ '7.29.0' ],
226 silly audit   '@esbuild/aix-ppc64': [ '0.21.5' ],
226 silly audit   '@esbuild/android-arm': [ '0.21.5' ],
226 silly audit   '@esbuild/android-arm64': [ '0.21.5' ],
226 silly audit   '@esbuild/android-x64': [ '0.21.5' ],
226 silly audit   '@esbuild/darwin-arm64': [ '0.21.5' ],
226 silly audit   '@esbuild/darwin-x64': [ '0.21.5' ],
226 silly audit   '@esbuild/freebsd-arm64': [ '0.21.5' ],
226 silly audit   '@esbuild/freebsd-x64': [ '0.21.5' ],
226 silly audit   '@esbuild/linux-arm': [ '0.21.5' ],
226 silly audit   '@esbuild/linux-arm64': [ '0.21.5' ],
226 silly audit   '@esbuild/linux-ia32': [ '0.21.5' ],
226 silly audit   '@esbuild/linux-loong64': [ '0.21.5' ],
226 silly audit   '@esbuild/linux-mips64el': [ '0.21.5' ],
226 silly audit   '@esbuild/linux-ppc64': [ '0.21.5' ],
226 silly audit   '@esbuild/linux-riscv64': [ '0.21.5' ],
226 silly audit   '@esbuild/linux-s390x': [ '0.21.5' ],
226 silly audit   '@esbuild/linux-x64': [ '0.21.5' ],
226 silly audit   '@esbuild/netbsd-x64': [ '0.21.5' ],
226 silly audit   '@esbuild/openbsd-x64': [ '0.21.5' ],
226 silly audit   '@esbuild/sunos-x64': [ '0.21.5' ],
226 silly audit   '@esbuild/win32-arm64': [ '0.21.5' ],
226 silly audit   '@esbuild/win32-ia32': [ '0.21.5' ],
226 silly audit   '@esbuild/win32-x64': [ '0.21.5' ],
226 silly audit   '@eslint-community/eslint-utils': [ '4.9.1' ],
226 silly audit   'eslint-visitor-keys': [ '3.4.3', '4.2.1' ],
226 silly audit   '@eslint-community/regexpp': [ '4.12.2' ],
226 silly audit   '@eslint/config-array': [ '0.21.1' ],
226 silly audit   '@eslint/config-helpers': [ '0.4.2' ],
226 silly audit   '@eslint/core': [ '0.17.0' ],
226 silly audit   '@eslint/eslintrc': [ '3.3.4' ],
226 silly audit   globals: [ '14.0.0', '15.15.0' ],
226 silly audit   '@eslint/js': [ '9.39.3' ],
226 silly audit   '@eslint/object-schema': [ '2.1.7' ],
226 silly audit   '@eslint/plugin-kit': [ '0.4.1' ],
226 silly audit   '@humanfs/core': [ '0.19.1' ],
226 silly audit   '@humanfs/node': [ '0.16.7' ],
226 silly audit   '@humanwhocodes/module-importer': [ '1.0.1' ],
226 silly audit   '@humanwhocodes/retry': [ '0.4.3' ],
226 silly audit   '@jridgewell/gen-mapping': [ '0.3.13' ],
226 silly audit   '@jridgewell/remapping': [ '2.3.5' ],
226 silly audit   '@jridgewell/resolve-uri': [ '3.1.2' ],
226 silly audit   '@jridgewell/sourcemap-codec': [ '1.5.5' ],
226 silly audit   '@jridgewell/trace-mapping': [ '0.3.31' ],
226 silly audit   '@nodelib/fs.scandir': [ '2.1.5' ],
226 silly audit   '@nodelib/fs.stat': [ '2.0.5' ],
226 silly audit   '@nodelib/fs.walk': [ '1.2.8' ],
226 silly audit   '@remix-run/router': [ '1.23.2' ],
226 silly audit   '@rolldown/pluginutils': [ '1.0.0-beta.27' ],
226 silly audit   '@rollup/rollup-android-arm-eabi': [ '4.59.0' ],
226 silly audit   '@rollup/rollup-android-arm64': [ '4.59.0' ],
226 silly audit   '@rollup/rollup-darwin-arm64': [ '4.59.0' ],
226 silly audit   '@rollup/rollup-darwin-x64': [ '4.59.0' ],
226 silly audit   '@rollup/rollup-freebsd-arm64': [ '4.59.0' ],
226 silly audit   '@rollup/rollup-freebsd-x64': [ '4.59.0' ],
226 silly audit   '@rollup/rollup-linux-arm-gnueabihf': [ '4.59.0' ],
226 silly audit   '@rollup/rollup-linux-arm-musleabihf': [ '4.59.0' ],
226 silly audit   '@rollup/rollup-linux-arm64-gnu': [ '4.59.0' ],
226 silly audit   '@rollup/rollup-linux-arm64-musl': [ '4.59.0' ],
226 silly audit   '@rollup/rollup-linux-loong64-gnu': [ '4.59.0' ],
226 silly audit   '@rollup/rollup-linux-loong64-musl': [ '4.59.0' ],
226 silly audit   '@rollup/rollup-linux-ppc64-gnu': [ '4.59.0' ],
226 silly audit   '@rollup/rollup-linux-ppc64-musl': [ '4.59.0' ],
226 silly audit   '@rollup/rollup-linux-riscv64-gnu': [ '4.59.0' ],
226 silly audit   '@rollup/rollup-linux-riscv64-musl': [ '4.59.0' ],
226 silly audit   '@rollup/rollup-linux-s390x-gnu': [ '4.59.0' ],
226 silly audit   '@rollup/rollup-linux-x64-gnu': [ '4.59.0' ],
226 silly audit   '@rollup/rollup-linux-x64-musl': [ '4.59.0' ],
226 silly audit   '@rollup/rollup-openbsd-x64': [ '4.59.0' ],
226 silly audit   '@rollup/rollup-openharmony-arm64': [ '4.59.0' ],
226 silly audit   '@rollup/rollup-win32-arm64-msvc': [ '4.59.0' ],
226 silly audit   '@rollup/rollup-win32-ia32-msvc': [ '4.59.0' ],
226 silly audit   '@rollup/rollup-win32-x64-gnu': [ '4.59.0' ],
226 silly audit   '@rollup/rollup-win32-x64-msvc': [ '4.59.0' ],
226 silly audit   '@types/babel__core': [ '7.20.5' ],
226 silly audit   '@types/babel__generator': [ '7.27.0' ],
226 silly audit   '@types/babel__template': [ '7.4.4' ],
226 silly audit   '@types/babel__traverse': [ '7.28.0' ],
226 silly audit   '@types/estree': [ '1.0.8' ],
226 silly audit   '@types/json-schema': [ '7.0.15' ],
226 silly audit   '@types/prop-types': [ '15.7.15' ],
226 silly audit   '@types/react': [ '18.3.28' ],
226 silly audit   '@types/react-dom': [ '18.3.7' ],
226 silly audit   '@vitejs/plugin-react': [ '4.7.0' ],
226 silly audit   acorn: [ '8.16.0' ],
226 silly audit   'acorn-jsx': [ '5.3.2' ],
226 silly audit   ajv: [ '6.14.0' ],
226 silly audit   'ansi-styles': [ '4.3.0' ],
226 silly audit   'any-promise': [ '1.3.0' ],
226 silly audit   anymatch: [ '3.1.3' ],
226 silly audit   arg: [ '5.0.2' ],
226 silly audit   argparse: [ '2.0.1' ],
226 silly audit   'array-buffer-byte-length': [ '1.0.2' ],
226 silly audit   'array-includes': [ '3.1.9' ],
226 silly audit   'array.prototype.findlast': [ '1.2.5' ],
226 silly audit   'array.prototype.flat': [ '1.3.3' ],
226 silly audit   'array.prototype.flatmap': [ '1.3.3' ],
226 silly audit   'array.prototype.tosorted': [ '1.1.4' ],
226 silly audit   'arraybuffer.prototype.slice': [ '1.0.4' ],
226 silly audit   'async-function': [ '1.0.0' ],
226 silly audit   autoprefixer: [ '10.4.24' ],
226 silly audit   'available-typed-arrays': [ '1.0.7' ],
226 silly audit   'babel-plugin-polyfill-corejs2': [ '0.4.17' ],
226 silly audit   'babel-plugin-polyfill-corejs3': [ '0.14.2' ],
226 silly audit   'babel-plugin-polyfill-regenerator': [ '0.6.8' ],
226 silly audit   'balanced-match': [ '1.0.2' ],
226 silly audit   'baseline-browser-mapping': [ '2.10.0' ],
226 silly audit   'binary-extensions': [ '2.3.0' ],
226 silly audit   'brace-expansion': [ '1.1.12' ],
226 silly audit   braces: [ '3.0.3' ],
226 silly audit   browserslist: [ '4.28.1' ],
226 silly audit   'call-bind': [ '1.0.8' ],
226 silly audit   'call-bind-apply-helpers': [ '1.0.2' ],
226 silly audit   'call-bound': [ '1.0.4' ],
226 silly audit   callsites: [ '3.1.0' ],
226 silly audit   'camelcase-css': [ '2.0.1' ],
226 silly audit   'caniuse-lite': [ '1.0.30001774' ],
226 silly audit   chalk: [ '4.1.2' ],
226 silly audit   chokidar: [ '3.6.0' ],
226 silly audit   'glob-parent': [ '5.1.2', '6.0.2' ],
226 silly audit   'color-convert': [ '2.0.1' ],
226 silly audit   'color-name': [ '1.1.4' ],
226 silly audit   commander: [ '4.1.1' ],
226 silly audit   'concat-map': [ '0.0.1' ],
226 silly audit   'convert-source-map': [ '2.0.0' ],
226 silly audit   'core-js-compat': [ '3.49.0' ],
226 silly audit   'cross-spawn': [ '7.0.6' ],
226 silly audit   cssesc: [ '3.0.0' ],
226 silly audit   csstype: [ '3.2.3' ],
226 silly audit   'data-view-buffer': [ '1.0.2' ],
226 silly audit   'data-view-byte-length': [ '1.0.2' ],
226 silly audit   'data-view-byte-offset': [ '1.0.1' ],
226 silly audit   debug: [ '4.4.3' ],
226 silly audit   'deep-is': [ '0.1.4' ],
226 silly audit   'define-data-property': [ '1.1.4' ],
226 silly audit   'define-properties': [ '1.2.1' ],
226 silly audit   didyoumean: [ '1.2.2' ],
226 silly audit   dlv: [ '1.1.3' ],
226 silly audit   doctrine: [ '2.1.0' ],
226 silly audit   'dunder-proto': [ '1.0.1' ],
226 silly audit   'electron-to-chromium': [ '1.5.302' ],
226 silly audit   'es-abstract': [ '1.24.1' ],
226 silly audit   'es-define-property': [ '1.0.1' ],
226 silly audit   'es-errors': [ '1.3.0' ],
226 silly audit   'es-iterator-helpers': [ '1.2.2' ],
226 silly audit   'es-object-atoms': [ '1.1.1' ],
226 silly audit   'es-set-tostringtag': [ '2.1.0' ],
226 silly audit   'es-shim-unscopables': [ '1.1.0' ],
226 silly audit   'es-to-primitive': [ '1.3.0' ],
226 silly audit   esbuild: [ '0.21.5' ],
226 silly audit   escalade: [ '3.2.0' ],
226 silly audit   'escape-string-regexp': [ '4.0.0' ],
226 silly audit   eslint: [ '9.39.3' ],
226 silly audit   'eslint-plugin-react': [ '7.37.5' ],
226 silly audit   'eslint-plugin-react-hooks': [ '5.2.0' ],
226 silly audit   'eslint-plugin-react-refresh': [ '0.4.26' ],
226 silly audit   'eslint-scope': [ '8.4.0' ],
226 silly audit   espree: [ '10.4.0' ],
226 silly audit   esquery: [ '1.7.0' ],
226 silly audit   esrecurse: [ '4.3.0' ],
226 silly audit   estraverse: [ '5.3.0' ],
226 silly audit   esutils: [ '2.0.3' ],
226 silly audit   'fast-deep-equal': [ '3.1.3' ],
226 silly audit   'fast-glob': [ '3.3.3' ],
226 silly audit   'fast-json-stable-stringify': [ '2.1.0' ],
226 silly audit   'fast-levenshtein': [ '2.0.6' ],
226 silly audit   fastq: [ '1.20.1' ],
226 silly audit   'file-entry-cache': [ '8.0.0' ],
226 silly audit   'fill-range': [ '7.1.1' ],
226 silly audit   'find-up': [ '5.0.0' ],
226 silly audit   'flat-cache': [ '4.0.1' ],
226 silly audit   flatted: [ '3.3.3' ],
226 silly audit   'for-each': [ '0.3.5' ],
226 silly audit   'fraction.js': [ '5.3.4' ],
226 silly audit   fsevents: [ '2.3.3' ],
226 silly audit   'function-bind': [ '1.1.2' ],
226 silly audit   'function.prototype.name': [ '1.1.8' ],
226 silly audit   'functions-have-names': [ '1.2.3' ],
226 silly audit   'generator-function': [ '2.0.1' ],
226 silly audit   gensync: [ '1.0.0-beta.2' ],
226 silly audit   'get-intrinsic': [ '1.3.0' ],
226 silly audit   'get-proto': [ '1.0.1' ],
226 silly audit   'get-symbol-description': [ '1.1.0' ],
226 silly audit   globalthis: [ '1.0.4' ],
226 silly audit   gopd: [ '1.2.0' ],
226 silly audit   'has-bigints': [ '1.1.0' ],
226 silly audit   'has-flag': [ '4.0.0' ],
226 silly audit   'has-property-descriptors': [ '1.0.2' ],
226 silly audit   'has-proto': [ '1.2.0' ],
226 silly audit   'has-symbols': [ '1.1.0' ],
226 silly audit   'has-tostringtag': [ '1.0.2' ],
226 silly audit   hasown: [ '2.0.2' ],
226 silly audit   ignore: [ '5.3.2' ],
226 silly audit   'import-fresh': [ '3.3.1' ],
226 silly audit   imurmurhash: [ '0.1.4' ],
226 silly audit   'internal-slot': [ '1.1.0' ],
226 silly audit   'is-array-buffer': [ '3.0.5' ],
226 silly audit   'is-async-function': [ '2.1.1' ],
226 silly audit   'is-bigint': [ '1.1.0' ],
226 silly audit   'is-binary-path': [ '2.1.0' ],
226 silly audit   'is-boolean-object': [ '1.2.2' ],
226 silly audit   'is-callable': [ '1.2.7' ],
226 silly audit   'is-core-module': [ '2.16.1' ],
226 silly audit   'is-data-view': [ '1.0.2' ],
226 silly audit   'is-date-object': [ '1.1.0' ],
226 silly audit   'is-extglob': [ '2.1.1' ],
226 silly audit   'is-finalizationregistry': [ '1.1.1' ],
226 silly audit   'is-generator-function': [ '1.1.2' ],
226 silly audit   'is-glob': [ '4.0.3' ],
226 silly audit   'is-map': [ '2.0.3' ],
226 silly audit   'is-negative-zero': [ '2.0.3' ],
226 silly audit   'is-number': [ '7.0.0' ],
226 silly audit   'is-number-object': [ '1.1.1' ],
226 silly audit   'is-regex': [ '1.2.1' ],
226 silly audit   'is-set': [ '2.0.3' ],
226 silly audit   'is-shared-array-buffer': [ '1.0.4' ],
226 silly audit   'is-string': [ '1.1.1' ],
226 silly audit   'is-symbol': [ '1.1.1' ],
226 silly audit   'is-typed-array': [ '1.1.15' ],
226 silly audit   'is-weakmap': [ '2.0.2' ],
226 silly audit   'is-weakref': [ '1.1.1' ],
226 silly audit   'is-weakset': [ '2.0.4' ],
226 silly audit   isarray: [ '2.0.5' ],
226 silly audit   isexe: [ '2.0.0' ],
226 silly audit   'iterator.prototype': [ '1.1.5' ],
226 silly audit   jiti: [ '1.21.7' ],
226 silly audit   'js-tokens': [ '4.0.0' ],
226 silly audit   'js-yaml': [ '4.1.1' ],
226 silly audit   jsesc: [ '3.1.0' ],
226 silly audit   'json-buffer': [ '3.0.1' ],
226 silly audit   'json-schema-traverse': [ '0.4.1' ],
226 silly audit   'json-stable-stringify-without-jsonify': [ '1.0.1' ],
226 silly audit   json5: [ '2.2.3' ],
226 silly audit   'jsx-ast-utils': [ '3.3.5' ],
226 silly audit   keyv: [ '4.5.4' ],
226 silly audit   levn: [ '0.4.1' ],
226 silly audit   lilconfig: [ '3.1.3' ],
226 silly audit   'lines-and-columns': [ '1.2.4' ],
226 silly audit   'locate-path': [ '6.0.0' ],
226 silly audit   'lodash.debounce': [ '4.0.8' ],
226 silly audit   'lodash.merge': [ '4.6.2' ],
226 silly audit   'loose-envify': [ '1.4.0' ],
226 silly audit   'lru-cache': [ '5.1.1' ],
226 silly audit   'lucide-react': [ '0.575.0' ],
226 silly audit   'math-intrinsics': [ '1.1.0' ],
226 silly audit   merge2: [ '1.4.1' ],
226 silly audit   micromatch: [ '4.0.8' ],
226 silly audit   minimatch: [ '3.1.4' ],
226 silly audit   ms: [ '2.1.3' ],
226 silly audit   mz: [ '2.7.0' ],
226 silly audit   nanoid: [ '3.3.11' ],
226 silly audit   'natural-compare': [ '1.4.0' ],
226 silly audit   'node-exports-info': [ '1.6.0' ],
226 silly audit   'node-releases': [ '2.0.27' ],
226 silly audit   'normalize-path': [ '3.0.0' ],
226 silly audit   'object-assign': [ '4.1.1' ],
226 silly audit   'object-hash': [ '3.0.0' ],
226 silly audit   'object-inspect': [ '1.13.4' ],
226 silly audit   'object-keys': [ '1.1.1' ],
226 silly audit   'object.assign': [ '4.1.7' ],
226 silly audit   'object.entries': [ '1.1.9' ],
226 silly audit   'object.fromentries': [ '2.0.8' ],
226 silly audit   'object.values': [ '1.2.1' ],
226 silly audit   optionator: [ '0.9.4' ],
226 silly audit   'own-keys': [ '1.0.1' ],
226 silly audit   'p-limit': [ '3.1.0' ],
226 silly audit   'p-locate': [ '5.0.0' ],
226 silly audit   'parent-module': [ '1.0.1' ],
226 silly audit   'path-exists': [ '4.0.0' ],
226 silly audit   'path-key': [ '3.1.1' ],
226 silly audit   'path-parse': [ '1.0.7' ],
226 silly audit   picocolors: [ '1.1.1' ],
226 silly audit   picomatch: [ '2.3.1', '4.0.3' ],
226 silly audit   pify: [ '2.3.0' ],
226 silly audit   pirates: [ '4.0.7' ],
226 silly audit   'possible-typed-array-names': [ '1.1.0' ],
226 silly audit   postcss: [ '8.5.6' ],
226 silly audit   'postcss-import': [ '15.1.0' ],
226 silly audit   'postcss-js': [ '4.1.0' ],
226 silly audit   'postcss-load-config': [ '6.0.1' ],
226 silly audit   'postcss-nested': [ '6.2.0' ],
226 silly audit   'postcss-selector-parser': [ '6.1.2' ],
226 silly audit   'postcss-value-parser': [ '4.2.0' ],
226 silly audit   'prelude-ls': [ '1.2.1' ],
226 silly audit   'prop-types': [ '15.8.1' ],
226 silly audit   punycode: [ '2.3.1' ],
226 silly audit   'queue-microtask': [ '1.2.3' ],
226 silly audit   react: [ '18.3.1' ],
226 silly audit   'react-dom': [ '18.3.1' ],
226 silly audit   'react-is': [ '16.13.1' ],
226 silly audit   'react-refresh': [ '0.17.0' ],
226 silly audit   'react-router': [ '6.30.3' ],
226 silly audit   'react-router-dom': [ '6.30.3' ],
226 silly audit   'read-cache': [ '1.0.0' ],
226 silly audit   readdirp: [ '3.6.0' ],
226 silly audit   'reflect.getprototypeof': [ '1.0.10' ],
226 silly audit   regenerate: [ '1.4.2' ],
226 silly audit   'regenerate-unicode-properties': [ '10.2.2' ],
226 silly audit   'regexp.prototype.flags': [ '1.5.4' ],
226 silly audit   'regexpu-core': [ '6.4.0' ],
226 silly audit   regjsgen: [ '0.8.0' ],
226 silly audit   regjsparser: [ '0.13.1' ],
226 silly audit   'resolve-from': [ '4.0.0' ],
226 silly audit   reusify: [ '1.1.0' ],
226 silly audit   rollup: [ '4.59.0' ],
226 silly audit   'run-parallel': [ '1.2.0' ],
226 silly audit   'safe-array-concat': [ '1.1.3' ],
226 silly audit   'safe-push-apply': [ '1.0.0' ],
226 silly audit   'safe-regex-test': [ '1.1.0' ],
226 silly audit   scheduler: [ '0.23.2' ],
226 silly audit   semver: [ '6.3.1' ],
226 silly audit   'set-function-length': [ '1.2.2' ],
226 silly audit   'set-function-name': [ '2.0.2' ],
226 silly audit   'set-proto': [ '1.0.0' ],
226 silly audit   'shebang-command': [ '2.0.0' ],
226 silly audit   'shebang-regex': [ '3.0.0' ],
226 silly audit   'side-channel': [ '1.1.0' ],
226 silly audit   'side-channel-list': [ '1.0.0' ],
226 silly audit   'side-channel-map': [ '1.0.1' ],
226 silly audit   'side-channel-weakmap': [ '1.0.2' ],
226 silly audit   'source-map-js': [ '1.2.1' ],
226 silly audit   'stop-iteration-iterator': [ '1.1.0' ],
226 silly audit   'string.prototype.matchall': [ '4.0.12' ],
226 silly audit   'string.prototype.repeat': [ '1.0.0' ],
226 silly audit   'string.prototype.trim': [ '1.2.10' ],
226 silly audit   'string.prototype.trimend': [ '1.0.9' ],
226 silly audit   'string.prototype.trimstart': [ '1.0.8' ],
226 silly audit   'strip-json-comments': [ '3.1.1' ],
226 silly audit   sucrase: [ '3.35.1' ],
226 silly audit   'supports-color': [ '7.2.0' ],
226 silly audit   'supports-preserve-symlinks-flag': [ '1.0.0' ],
226 silly audit   tailwindcss: [ '3.4.19' ],
226 silly audit   thenify: [ '3.3.1' ],
226 silly audit   'thenify-all': [ '1.6.0' ],
226 silly audit   tinyglobby: [ '0.2.15' ],
226 silly audit   fdir: [ '6.5.0' ],
226 silly audit   'to-regex-range': [ '5.0.1' ],
226 silly audit   'ts-interface-checker': [ '0.1.13' ],
226 silly audit   'type-check': [ '0.4.0' ],
226 silly audit   'typed-array-buffer': [ '1.0.3' ],
226 silly audit   'typed-array-byte-length': [ '1.0.3' ],
226 silly audit   'typed-array-byte-offset': [ '1.0.4' ],
226 silly audit   'typed-array-length': [ '1.0.7' ],
226 silly audit   'unbox-primitive': [ '1.1.0' ],
226 silly audit   'unicode-canonical-property-names-ecmascript': [ '2.0.1' ],
226 silly audit   'unicode-match-property-ecmascript': [ '2.0.0' ],
226 silly audit   'unicode-match-property-value-ecmascript': [ '2.2.1' ],
226 silly audit   'unicode-property-aliases-ecmascript': [ '2.2.0' ],
226 silly audit   'update-browserslist-db': [ '1.2.3' ],
226 silly audit   'uri-js': [ '4.4.1' ],
226 silly audit   'util-deprecate': [ '1.0.2' ],
226 silly audit   vite: [ '5.4.21' ],
226 silly audit   which: [ '2.0.2' ],
226 silly audit   'which-boxed-primitive': [ '1.1.1' ],
226 silly audit   'which-builtin-type': [ '1.2.1' ],
226 silly audit   'which-collection': [ '1.0.2' ],
226 silly audit   'which-typed-array': [ '1.1.20' ],
226 silly audit   'word-wrap': [ '1.2.5' ],
226 silly audit   yallist: [ '3.1.1' ],
226 silly audit   'yocto-queue': [ '0.1.0' ],
226 silly audit   axios: [ '1.15.0' ],
226 silly audit   cheerio: [ '1.2.0' ],
226 silly audit   turndown: [ '7.2.4' ],
226 silly audit   'follow-redirects': [ '1.15.11' ],
226 silly audit   'form-data': [ '4.0.5' ],
226 silly audit   'proxy-from-env': [ '2.1.0' ],
226 silly audit   'cheerio-select': [ '2.1.0' ],
226 silly audit   'dom-serializer': [ '2.0.0' ],
226 silly audit   domhandler: [ '5.0.3' ],
226 silly audit   domutils: [ '3.2.2' ],
226 silly audit   'encoding-sniffer': [ '0.2.1' ],
226 silly audit   htmlparser2: [ '10.1.0' ],
226 silly audit   parse5: [ '7.3.0' ],
226 silly audit   'parse5-htmlparser2-tree-adapter': [ '7.1.0' ],
226 silly audit   'parse5-parser-stream': [ '7.1.2' ],
226 silly audit   undici: [ '7.24.7' ],
226 silly audit   'whatwg-mimetype': [ '4.0.0' ],
226 silly audit   boolbase: [ '1.0.0' ],
226 silly audit   'css-select': [ '5.2.2' ],
226 silly audit   'css-what': [ '6.2.2' ],
226 silly audit   domelementtype: [ '2.3.0' ],
226 silly audit   'nth-check': [ '2.1.1' ],
226 silly audit   entities: [ '4.5.0', '7.0.1', '6.0.1' ],
226 silly audit   'iconv-lite': [ '0.6.3' ],
226 silly audit   'whatwg-encoding': [ '3.1.1' ],
226 silly audit   asynckit: [ '0.4.0' ],
226 silly audit   'combined-stream': [ '1.0.8' ],
226 silly audit   'mime-types': [ '2.1.35' ],
226 silly audit   'delayed-stream': [ '1.0.0' ],
226 silly audit   'safer-buffer': [ '2.1.2' ],
226 silly audit   'mime-db': [ '1.52.0' ],
226 silly audit   '@mixmark-io/domino': [ '2.2.0' ]
226 silly audit }
227 http fetch POST 200 https://registry.npmjs.org/-/npm/v1/security/advisories/bulk 90909ms
228 silly audit report {
228 silly audit report   'brace-expansion': [
228 silly audit report     {
228 silly audit report       id: 1115540,
228 silly audit report       url: 'https://github.com/advisories/GHSA-f886-m6hf-6m8v',
228 silly audit report       title: 'brace-expansion: Zero-step sequence causes process hang and memory exhaustion',
228 silly audit report       severity: 'moderate',
228 silly audit report       vulnerable_versions: '<1.1.13',
228 silly audit report       cwe: [Array],
228 silly audit report       cvss: [Object]
228 silly audit report     }
228 silly audit report   ],
228 silly audit report   esbuild: [
228 silly audit report     {
228 silly audit report       id: 1102341,
228 silly audit report       url: 'https://github.com/advisories/GHSA-67mh-4wv8-2f99',
228 silly audit report       title: 'esbuild enables any website to send any requests to the development server and read the response',
228 silly audit report       severity: 'moderate',
228 silly audit report       vulnerable_versions: '<=0.24.2',
228 silly audit report       cwe: [Array],
228 silly audit report       cvss: [Object]
228 silly audit report     }
228 silly audit report   ],
228 silly audit report   flatted: [
228 silly audit report     {
228 silly audit report       id: 1114526,
228 silly audit report       url: 'https://github.com/advisories/GHSA-25h7-pfq9-p65f',
228 silly audit report       title: 'flatted vulnerable to unbounded recursion DoS in parse() revive phase',
228 silly audit report       severity: 'high',
228 silly audit report       vulnerable_versions: '<3.4.0',
228 silly audit report       cwe: [Array],
228 silly audit report       cvss: [Object]
228 silly audit report     },
228 silly audit report     {
228 silly audit report       id: 1115357,
228 silly audit report       url: 'https://github.com/advisories/GHSA-rf6f-7fwh-wjgh',
228 silly audit report       title: 'Prototype Pollution via parse() in NodeJS flatted',
228 silly audit report       severity: 'high',
228 silly audit report       vulnerable_versions: '<=3.4.1',
228 silly audit report       cwe: [Array],
228 silly audit report       cvss: [Object]
228 silly audit report     }
228 silly audit report   ],
228 silly audit report   picomatch: [
228 silly audit report     {
228 silly audit report       id: 1115549,
228 silly audit report       url: 'https://github.com/advisories/GHSA-3v7f-55p6-f55p',
228 silly audit report       title: 'Picomatch: Method Injection in POSIX Character Classes causes incorrect Glob Matching',
228 silly audit report       severity: 'moderate',
228 silly audit report       vulnerable_versions: '<2.3.2',
228 silly audit report       cwe: [Array],
228 silly audit report       cvss: [Object]
228 silly audit report     },
228 silly audit report     {
228 silly audit report       id: 1115551,
228 silly audit report       url: 'https://github.com/advisories/GHSA-3v7f-55p6-f55p',
228 silly audit report       title: 'Picomatch: Method Injection in POSIX Character Classes causes incorrect Glob Matching',
228 silly audit report       severity: 'moderate',
228 silly audit report       vulnerable_versions: '>=4.0.0 <4.0.4',
228 silly audit report       cwe: [Array],
228 silly audit report       cvss: [Object]
228 silly audit report     },
228 silly audit report     {
228 silly audit report       id: 1115552,
228 silly audit report       url: 'https://github.com/advisories/GHSA-c2c7-rcm5-vvqj',
228 silly audit report       title: 'Picomatch has a ReDoS vulnerability via extglob quantifiers',
228 silly audit report       severity: 'high',
228 silly audit report       vulnerable_versions: '<2.3.2',
228 silly audit report       cwe: [Array],
228 silly audit report       cvss: [Object]
228 silly audit report     },
228 silly audit report     {
228 silly audit report       id: 1115554,
228 silly audit report       url: 'https://github.com/advisories/GHSA-c2c7-rcm5-vvqj',
228 silly audit report       title: 'Picomatch has a ReDoS vulnerability via extglob quantifiers',
228 silly audit report       severity: 'high',
228 silly audit report       vulnerable_versions: '>=4.0.0 <4.0.4',
228 silly audit report       cwe: [Array],
228 silly audit report       cvss: [Object]
228 silly audit report     }
228 silly audit report   ],
228 silly audit report   vite: [
228 silly audit report     {
228 silly audit report       id: 1116229,
228 silly audit report       url: 'https://github.com/advisories/GHSA-4w7w-66w2-5vf9',
228 silly audit report       title: 'Vite Vulnerable to Path Traversal in Optimized Deps `.map` Handling',
228 silly audit report       severity: 'moderate',
228 silly audit report       vulnerable_versions: '<=6.4.1',
228 silly audit report       cwe: [Array],
228 silly audit report       cvss: [Object]
228 silly audit report     }
228 silly audit report   ]
228 silly audit report }
229 silly packumentCache corgi:https://registry.npmjs.org/brace-expansion cache-miss
230 silly packumentCache corgi:https://registry.npmjs.org/esbuild cache-miss
231 silly packumentCache corgi:https://registry.npmjs.org/flatted cache-miss
232 silly packumentCache corgi:https://registry.npmjs.org/picomatch cache-miss
233 silly packumentCache corgi:https://registry.npmjs.org/vite cache-miss
234 http cache parse5-parser-stream@https://registry.npmjs.org/parse5-parser-stream/-/parse5-parser-stream-7.1.2.tgz 0ms (cache hit)
235 http cache css-what@https://registry.npmjs.org/css-what/-/css-what-6.2.2.tgz 0ms (cache hit)
236 http cache nth-check@https://registry.npmjs.org/nth-check/-/nth-check-2.1.1.tgz 0ms (cache hit)
237 http cache parse5-htmlparser2-tree-adapter@https://registry.npmjs.org/parse5-htmlparser2-tree-adapter/-/parse5-htmlparser2-tree-adapter-7.1.0.tgz 0ms (cache hit)
238 http cache form-data@https://registry.npmjs.org/form-data/-/form-data-4.0.5.tgz 0ms (cache hit)
239 silly tarball no local data for parse5-parser-stream@https://registry.npmjs.org/parse5-parser-stream/-/parse5-parser-stream-7.1.2.tgz. Extracting by manifest.
240 silly tarball no local data for nth-check@https://registry.npmjs.org/nth-check/-/nth-check-2.1.1.tgz. Extracting by manifest.
241 silly tarball no local data for css-what@https://registry.npmjs.org/css-what/-/css-what-6.2.2.tgz. Extracting by manifest.
242 silly tarball no local data for parse5-htmlparser2-tree-adapter@https://registry.npmjs.org/parse5-htmlparser2-tree-adapter/-/parse5-htmlparser2-tree-adapter-7.1.0.tgz. Extracting by manifest.
243 silly tarball no local data for form-data@https://registry.npmjs.org/form-data/-/form-data-4.0.5.tgz. Extracting by manifest.
244 http cache dom-serializer@https://registry.npmjs.org/dom-serializer/-/dom-serializer-2.0.0.tgz 0ms (cache hit)
245 silly tarball no local data for dom-serializer@https://registry.npmjs.org/dom-serializer/-/dom-serializer-2.0.0.tgz. Extracting by manifest.
246 http cache mime-db@https://registry.npmjs.org/mime-db/-/mime-db-1.52.0.tgz 0ms (cache hit)
247 http cache mime-types@https://registry.npmjs.org/mime-types/-/mime-types-2.1.35.tgz 0ms (cache hit)
248 http cache safer-buffer@https://registry.npmjs.org/safer-buffer/-/safer-buffer-2.1.2.tgz 0ms (cache hit)
249 http cache boolbase@https://registry.npmjs.org/boolbase/-/boolbase-1.0.0.tgz 0ms (cache hit)
250 http cache proxy-from-env@https://registry.npmjs.org/proxy-from-env/-/proxy-from-env-2.1.0.tgz 0ms (cache hit)
251 http cache follow-redirects@https://registry.npmjs.org/follow-redirects/-/follow-redirects-1.15.11.tgz 0ms (cache hit)
252 silly tarball no local data for mime-types@https://registry.npmjs.org/mime-types/-/mime-types-2.1.35.tgz. Extracting by manifest.
253 silly tarball no local data for mime-db@https://registry.npmjs.org/mime-db/-/mime-db-1.52.0.tgz. Extracting by manifest.
254 silly tarball no local data for safer-buffer@https://registry.npmjs.org/safer-buffer/-/safer-buffer-2.1.2.tgz. Extracting by manifest.
255 silly tarball no local data for boolbase@https://registry.npmjs.org/boolbase/-/boolbase-1.0.0.tgz. Extracting by manifest.
256 silly tarball no local data for proxy-from-env@https://registry.npmjs.org/proxy-from-env/-/proxy-from-env-2.1.0.tgz. Extracting by manifest.
257 silly tarball no local data for follow-redirects@https://registry.npmjs.org/follow-redirects/-/follow-redirects-1.15.11.tgz. Extracting by manifest.
258 http cache turndown@https://registry.npmjs.org/turndown/-/turndown-7.2.4.tgz 0ms (cache hit)
259 http cache domelementtype@https://registry.npmjs.org/domelementtype/-/domelementtype-2.3.0.tgz 0ms (cache hit)
260 silly tarball no local data for turndown@https://registry.npmjs.org/turndown/-/turndown-7.2.4.tgz. Extracting by manifest.
261 silly tarball no local data for domelementtype@https://registry.npmjs.org/domelementtype/-/domelementtype-2.3.0.tgz. Extracting by manifest.
262 http cache delayed-stream@https://registry.npmjs.org/delayed-stream/-/delayed-stream-1.0.0.tgz 0ms (cache hit)
263 http cache combined-stream@https://registry.npmjs.org/combined-stream/-/combined-stream-1.0.8.tgz 0ms (cache hit)
264 http cache asynckit@https://registry.npmjs.org/asynckit/-/asynckit-0.4.0.tgz 0ms (cache hit)
265 http cache whatwg-encoding@https://registry.npmjs.org/whatwg-encoding/-/whatwg-encoding-3.1.1.tgz 1ms (cache hit)
266 http cache whatwg-mimetype@https://registry.npmjs.org/whatwg-mimetype/-/whatwg-mimetype-4.0.0.tgz 0ms (cache hit)
267 silly tarball no local data for delayed-stream@https://registry.npmjs.org/delayed-stream/-/delayed-stream-1.0.0.tgz. Extracting by manifest.
268 silly tarball no local data for combined-stream@https://registry.npmjs.org/combined-stream/-/combined-stream-1.0.8.tgz. Extracting by manifest.
269 silly tarball no local data for asynckit@https://registry.npmjs.org/asynckit/-/asynckit-0.4.0.tgz. Extracting by manifest.
270 silly tarball no local data for whatwg-encoding@https://registry.npmjs.org/whatwg-encoding/-/whatwg-encoding-3.1.1.tgz. Extracting by manifest.
271 silly tarball no local data for whatwg-mimetype@https://registry.npmjs.org/whatwg-mimetype/-/whatwg-mimetype-4.0.0.tgz. Extracting by manifest.
272 http cache domhandler@https://registry.npmjs.org/domhandler/-/domhandler-5.0.3.tgz 0ms (cache hit)
273 http cache encoding-sniffer@https://registry.npmjs.org/encoding-sniffer/-/encoding-sniffer-0.2.1.tgz 0ms (cache hit)
274 http cache cheerio-select@https://registry.npmjs.org/cheerio-select/-/cheerio-select-2.1.0.tgz 0ms (cache hit)
275 silly tarball no local data for encoding-sniffer@https://registry.npmjs.org/encoding-sniffer/-/encoding-sniffer-0.2.1.tgz. Extracting by manifest.
276 silly tarball no local data for domhandler@https://registry.npmjs.org/domhandler/-/domhandler-5.0.3.tgz. Extracting by manifest.
277 silly tarball no local data for cheerio-select@https://registry.npmjs.org/cheerio-select/-/cheerio-select-2.1.0.tgz. Extracting by manifest.
278 http fetch GET 200 https://registry.npmjs.org/parse5-parser-stream/-/parse5-parser-stream-7.1.2.tgz 4852755ms (cache miss)
279 http fetch GET 200 https://registry.npmjs.org/form-data/-/form-data-4.0.5.tgz 5160199ms (cache miss)
280 http fetch GET 200 https://registry.npmjs.org/brace-expansion 5303306ms (cache miss)
281 silly packumentCache corgi:https://registry.npmjs.org/brace-expansion set size:undefined disposed:false
282 http fetch GET 200 https://registry.npmjs.org/boolbase/-/boolbase-1.0.0.tgz 4516488ms (cache miss)
283 http fetch GET 200 https://registry.npmjs.org/mime-types/-/mime-types-2.1.35.tgz 5080814ms (cache miss)
284 http fetch GET 200 https://registry.npmjs.org/parse5-htmlparser2-tree-adapter/-/parse5-htmlparser2-tree-adapter-7.1.0.tgz 5969394ms (cache miss)
285 http fetch GET 200 https://registry.npmjs.org/picomatch 6039395ms (cache miss)
286 silly packumentCache corgi:https://registry.npmjs.org/picomatch set size:undefined disposed:false
287 http fetch GET 200 https://registry.npmjs.org/proxy-from-env/-/proxy-from-env-2.1.0.tgz 5183417ms (cache miss)
288 http fetch GET 200 https://registry.npmjs.org/delayed-stream/-/delayed-stream-1.0.0.tgz 5010326ms (cache miss)
289 http fetch GET 200 https://registry.npmjs.org/combined-stream/-/combined-stream-1.0.8.tgz 4996476ms (cache miss)
290 http fetch GET 200 https://registry.npmjs.org/safer-buffer/-/safer-buffer-2.1.2.tgz 5651004ms (cache miss)
291 http fetch GET 200 https://registry.npmjs.org/flatted 6497427ms (cache miss)
292 silly packumentCache corgi:https://registry.npmjs.org/flatted set size:undefined disposed:false
293 http fetch GET 200 https://registry.npmjs.org/whatwg-encoding/-/whatwg-encoding-3.1.1.tgz 5014396ms (cache miss)
294 warn deprecated whatwg-encoding@3.1.1: Use @exodus/bytes instead for a more spec-conformant and faster implementation
295 verbose cwd /Volumes/SanDisk/trae的项目/gamestation
296 verbose os Darwin 25.3.0
297 verbose node v24.14.0
298 verbose npm  v11.9.0
299 verbose exit 1
300 verbose code 1
301 error A complete log of this run can be found in: /Volumes/SanDisk/trae的项目/gamestation/.npm-cache/_logs/2026-04-12T08_21_58_084Z-debug-0.log
